src/libs/shared/application/BaseService.ts(35,33): error TS2339: Property 'features' does not exist on type 'TenantContext'.
src/modules/shopify/application/useCases/sync/RunSyncJobUseCase.ts(31,71): error TS2339: Property 'tenantId' does not exist on type 'ShopifySyncJob'.
src/modules/shopify/application/useCases/sync/RunSyncJobUseCase.ts(34,83): error TS2339: Property 'tenantId' does not exist on type 'ShopifySyncJob'.
src/modules/shopify/application/useCases/sync/RunSyncJobUseCase.ts(37,75): error TS2339: Property 'tenantId' does not exist on type 'ShopifySyncJob'.
src/modules/shopify/application/useCases/sync/RunSyncJobUseCase.ts(73,102): error TS2339: Property 'tenantId' does not exist on type 'ShopifySyncJob'.
src/modules/shopify/application/useCases/sync/RunSyncJobUseCase.ts(95,99): error TS2339: Property 'tenantId' does not exist on type 'ShopifySyncJob'.
src/modules/shopify/application/useCases/sync/RunSyncJobUseCase.ts(105,65): error TS2339: Property 'tenantId' does not exist on type 'ShopifySyncJob'.
src/modules/shopify/application/useCases/sync/RunSyncJobUseCase.ts(107,72): error TS2339: Property 'tenantId' does not exist on type 'ShopifySyncJob'.
src/modules/shopify/application/useCases/sync/RunSyncJobUseCase.ts(138,32): error TS2339: Property 'tenantId' does not exist on type 'ShopifySyncJob'.
src/modules/shopify/application/useCases/sync/RunSyncJobUseCase.ts(150,46): error TS2339: Property 'tenantId' does not exist on type 'ShopifySyncJob'.
src/modules/shopify/application/useCases/sync/RunSyncJobUseCase.ts(173,34): error TS2339: Property 'tenantId' does not exist on type 'ShopifySyncJob'.
src/modules/shopify/application/useCases/sync/RunSyncJobUseCase.ts(180,53): error TS2339: Property 'tenantId' does not exist on type 'ShopifySyncJob'.
src/modules/shopify/application/useCases/sync/TriggerSyncUseCase.ts(38,21): error TS2353: Object literal may only specify known properties, and 'tenantId' does not exist in type '{ storeId: string; type: SyncJobType; triggeredBy: string; }'.
src/modules/shopify/application/useCases/sync/TriggerSyncUseCase.ts(44,57): error TS2339: Property 'tenantId' does not exist on type 'ShopifySyncJob'.
src/modules/shopify/application/useCases/sync/TriggerSyncUseCase.ts(58,13): error TS2353: Object literal may only specify known properties, and 'tenantId' does not exist in type '{ storeId: string; type: SyncJobType; triggeredBy: string; }'.
src/modules/shopify/application/useCases/sync/TriggerSyncUseCase.ts(64,49): error TS2339: Property 'tenantId' does not exist on type 'ShopifySyncJob'.
src/modules/shopify/application/workers/EmbeddingWorker.ts(30,25): error TS2322: Type '"pro"' is not assignable to type 'TenantPlan'.
src/modules/shopify/application/workers/EnrichmentWorker.ts(30,25): error TS2322: Type '"pro"' is not assignable to type 'TenantPlan'.
src/modules/shopify/application/workers/SyncWorker.ts(82,85): error TS2339: Property 'tenantId' does not exist on type 'ShopifySyncJob'.
src/modules/shopify/application/workers/SyncWorker.ts(97,39): error TS2339: Property 'tenantId' does not exist on type 'ShopifySyncJob'.
src/modules/shopify/application/workers/SyncWorker.ts(111,39): error TS2339: Property 'tenantId' does not exist on type 'ShopifySyncJob'.
src/modules/shopify/infrastructure/postgres/mappers/StagingRowMapper.ts(10,31): error TS2339: Property 'tenantId' does not exist on type '{ storeId: string; id: string; createdAt: Date; updatedAt: Date; lastEmbeddedAt: Date | null; shopifyUpdatedAt: Date | null; entityType: string; externalId: string; ... 10 more ...; lastEnrichedAt: Date | null; }'.
src/modules/shopify/presentation/http/controllers/ShopifyWebhookController.ts(25,33): error TS2554: Expected 1 arguments, but got 0.
src/modules/shopify/presentation/http/controllers/ShopifyWebhookController.ts(26,27): error TS2554: Expected 1 arguments, but got 0.
