src/libs/shared/presentation/http/middleware/security/WebhookShopDomainMiddleware.ts(3,42): error TS2307: Cannot find module '../../infrastructure/mongo/models' or its corresponding type declarations.
src/libs/shared/presentation/http/middleware/security/WebhookShopDomainMiddleware.ts(4,38): error TS2307: Cannot find module '../tenant/TenantResolver' or its corresponding type declarations.
src/modules/shopify/application/useCases/oauth/InitiateOauthUseCase.ts(65,127): error TS2345: Argument of type 'string | undefined' is not assignable to parameter of type 'string | number | boolean'.
  Type 'undefined' is not assignable to type 'string | number | boolean'.
